// Jest Snapshot v1, https://goo.gl/fbAQLP

exports[`renders correctly 1`] = `
<div>
  <div>
    <p>
      This is the signup page
    </p>
  </div>
</div>
`;
