// Jest Snapshot v1, https://goo.gl/fbAQLP

exports[`renders correctly 1`] = `
<div>
  <button
    class="sc-AxjAm ehWnyF"
    data-testid="Button"
  >
    test
  </button>
</div>
`;
